tests/errors/duplicate-functions.w:2:4: error: identifier already defined
fn main() {}
   ^^^^
