tests/errors/return-void-typecheck.w:2:5: error: must return value
    return;
    ^^^^^^
