tests/errors/void-function-typecheck.w:1:10: error: type mismatch
fn main()    { 1 }
         ^
